[output] root_dir="/home/sperotto/tp3485-fem-eigen-em/out/fem_efgmi_mode_report_base/base/efgm/helmvec2/rect"
[output] csv_dir="/home/sperotto/tp3485-fem-eigen-em/out/fem_efgmi_mode_report_base/base/efgm/helmvec2/rect/csv"
[output] vtk_dir="/home/sperotto/tp3485-fem-eigen-em/out/fem_efgmi_mode_report_base/base/efgm/helmvec2/rect/vtk"
[output] img_dir="/home/sperotto/tp3485-fem-eigen-em/out/fem_efgmi_mode_report_base/base/efgm/helmvec2/rect/img"
[output] linop_dir="/home/sperotto/tp3485-fem-eigen-em/out/fem_efgmi_mode_report_base/base/efgm/helmvec2/rect/linop"
[2.2.3] wave-number from given beta (Figure 11)
L=1 beta=10 beta*L=10 nx=20 ny=20 tris=800 k0_min_phys~8.16497 backend=efgmi

first raw roots (k0L), after physical filter:
 1  8.81003
 2  9.01087
 3  9.38896
 4  9.87558
 5  10.2809
 6  10.449
 7  10.8741
 8  11.1167
 9  11.2556
 10  11.3808
 11  11.4216
 12  12.0445
 13  12.256
 14  12.2929

mode  k0L(FEM matched)  HELMVEC2(ref)  Hayata(ref)
1  8.81003  8.815  8.8093
2  9.38896  9.443  9.3896
3  10.2809  10.35  10.2752
4  11.1167  11.141  11.103
5  11.2556  11.289  11.2677
6  11.4216  11.4246  11.4501
7  12.0445  12.146  11.9882
8  12.6372  12.5894  12.6686
9  12.8596  12.8237  12.8092
10  12.9069  12.9987  12.9575
[timing] label=helmvec2_rect assembly_ms=924.399 solve_ms=24103.597 post_ms=1.271 total_ms=26503.351
