Log file: /home/sperotto/tp3485-fem-eigen-em/out/fem_efgmi_mode_report_base/base/efgm/helm10/circle/run.log
Output dir: "/home/sperotto/tp3485-fem-eigen-em/out/fem_efgmi_mode_report_base/base/efgm/helm10/circle"
VTK dir: "/home/sperotto/tp3485-fem-eigen-em/out/fem_efgmi_mode_report_base/base/efgm/helm10/circle/vtk"
CSV dir: "/home/sperotto/tp3485-fem-eigen-em/out/fem_efgmi_mode_report_base/base/efgm/helm10/circle/csv"
LinOp dir: "/home/sperotto/tp3485-fem-eigen-em/out/fem_efgmi_mode_report_base/base/efgm/helm10/circle/linop"
Backend escalar: efgmi
Circle mesh: nodes=121 tris=225 R=1 nr=8 nt=15

[TE scalar (Neumann) - circle]
 1  kc=1.884698
 2  kc=1.884698
 3  kc=3.202619
 4  kc=3.202619
 5  kc=4.001395
 6  kc=4.549832
 7  kc=4.549832
 8  kc=5.738371
 9  kc=5.738371
10  kc=5.942761

Tabela 2 (TE): FEM vs Analitico (Jm' roots)
i  (m,p)   kc_ana      kc_fem      kcR_fem     err(%)    |rho|
1  (1,1)   1.841184   1.884698    1.884698    2.363  0.9319
2  (1,1)   1.841184   1.884698    1.884698    2.363  0.9319
3  (2,1)   3.054237   3.202619    3.202619    4.858  0.9975
4  (2,1)   3.054237   3.202619    3.202619    4.858  0.9975
5  (0,1)   3.831706   4.001395    4.001395    4.429  0.9998
6  (3,1)   4.201189   4.549832    4.549832    8.299  0.8722
7  (3,1)   4.201189   4.549832    4.549832    8.299  0.8722
8  (1,2)   5.331443   5.738371    5.738371    7.633  0.8912

[TM scalar (Dirichlet) - circle]
 1  kc=2.461890
 2  kc=4.002560
 3  kc=4.002560
 4  kc=5.565197
 5  kc=5.565197
 6  kc=5.841242
 7  kc=7.257853
 8  kc=7.257853
 9  kc=7.641682
10  kc=7.641682
Saved: "/home/sperotto/tp3485-fem-eigen-em/out/fem_efgmi_mode_report_base/base/efgm/helm10/circle/linop/helm10_circle_te_S_crs.csv"
Saved: "/home/sperotto/tp3485-fem-eigen-em/out/fem_efgmi_mode_report_base/base/efgm/helm10/circle/linop/helm10_circle_te_T_crs.csv"
Saved: "/home/sperotto/tp3485-fem-eigen-em/out/fem_efgmi_mode_report_base/base/efgm/helm10/circle/linop/helm10_circle_te_eigenvalues.csv"
Saved: "/home/sperotto/tp3485-fem-eigen-em/out/fem_efgmi_mode_report_base/base/efgm/helm10/circle/linop/helm10_circle_te_eigenvectors.csv"
Saved: "/home/sperotto/tp3485-fem-eigen-em/out/fem_efgmi_mode_report_base/base/efgm/helm10/circle/linop/helm10_circle_tm_S_crs.csv"
Saved: "/home/sperotto/tp3485-fem-eigen-em/out/fem_efgmi_mode_report_base/base/efgm/helm10/circle/linop/helm10_circle_tm_T_crs.csv"
Saved: "/home/sperotto/tp3485-fem-eigen-em/out/fem_efgmi_mode_report_base/base/efgm/helm10/circle/linop/helm10_circle_tm_eigenvalues.csv"
Saved: "/home/sperotto/tp3485-fem-eigen-em/out/fem_efgmi_mode_report_base/base/efgm/helm10/circle/linop/helm10_circle_tm_eigenvectors.csv"
Reconstrucao de campos: freq=364612320.748958 Hz, eps_r=1.000000, mu_r=1.000000, k=7.641709 rad/m, politica=automatica_tm_referencia_ztm1
Referencia automatica TM: kc_ref=7.641682, Ztm_ref_real=1.000000
Aviso didatico: os campos TM exportados usam gradiente+sinal como saida principal, sem multiplicacao por Ztm; beta e Ztm ficam apenas no modes.csv.

Tabela 2 (TM): FEM vs Analitico (Jm roots)
i  (m,p)   kc_ana      kc_fem      kcR_fem     err(%)    |rho|
1  (0,1)   2.404826   2.461890    2.461890    2.373  0.9998
2  (1,1)   3.831706   4.002560    4.002560    4.459  0.9563
3  (1,1)   3.831706   4.002560    4.002560    4.459  0.9563
4  (2,1)   5.135622   5.565197    5.565197    8.365  0.9643
5  (2,1)   5.135622   5.565197    5.565197    8.365  0.9643
6  (0,2)   5.520078   5.841242    5.841242    5.818  0.9972
7  (3,1)   6.380162   7.257853    7.257853   13.757  0.9836
8  (3,1)   6.380162   7.257853    7.257853   13.757  0.9836
Saved: te_circle_m1_p1_rank01_sv.vtk (psi + Et)
Saved: te_circle_sv.vtk (psi + Et)
Saved: te_circle_m1_p1_rank02_sv.vtk (psi + Et)
Saved: te_circle_m2_p1_rank03_sv.vtk (psi + Et)
Saved: te_circle_m2_p1_rank04_sv.vtk (psi + Et)
Saved: te_circle_m0_p1_rank05_sv.vtk (psi + Et)
Saved: te_circle_m3_p1_rank06_sv.vtk (psi + Et)
Saved: te_circle_m3_p1_rank07_sv.vtk (psi + Et)
Saved: te_circle_m1_p2_rank08_sv.vtk (psi + Et)
Saved: te_circle_m1_p2_rank09_sv.vtk (psi + Et)
Saved: te_circle_m4_p1_rank10_sv.vtk (psi + Et)
Saved: tm_circle_m0_p1_rank01_sv.vtk (psi + Et)
Saved: tm_circle_sv.vtk (psi + Et)
Saved: tm_circle_m1_p1_rank02_sv.vtk (psi + Et)
Saved: tm_circle_m1_p1_rank03_sv.vtk (psi + Et)
Saved: tm_circle_m2_p1_rank04_sv.vtk (psi + Et)
Saved: tm_circle_m2_p1_rank05_sv.vtk (psi + Et)
Saved: tm_circle_m0_p2_rank06_sv.vtk (psi + Et)
Saved: tm_circle_m3_p1_rank07_sv.vtk (psi + Et)
Saved: tm_circle_m3_p1_rank08_sv.vtk (psi + Et)
Saved: tm_circle_m1_p2_rank09_sv.vtk (psi + Et)
Saved: tm_circle_m1_p2_rank10_sv.vtk (psi + Et)
Saved: /home/sperotto/tp3485-fem-eigen-em/out/fem_efgmi_mode_report_base/base/efgm/helm10/circle/csv/helm10_circle_modes.csv
Saved: /home/sperotto/tp3485-fem-eigen-em/out/fem_efgmi_mode_report_base/base/efgm/helm10/circle/run_timing.csv
[timing] label=helm10_circle assembly_ms=376.073 solve_ms=49.493 post_ms=819.663 total_ms=1725.249


[stderr]
