Log file: /home/sperotto/tp3485-fem-eigen-em/out/fem_efgmi_mode_report_base/base/efgm/helmvec1/rect/run.log
Output dir: "/home/sperotto/tp3485-fem-eigen-em/out/fem_efgmi_mode_report_base/base/efgm/helmvec1/rect"
CSV dir: "/home/sperotto/tp3485-fem-eigen-em/out/fem_efgmi_mode_report_base/base/efgm/helmvec1/rect/csv"
VTK dir: "/home/sperotto/tp3485-fem-eigen-em/out/fem_efgmi_mode_report_base/base/efgm/helmvec1/rect/vtk"
LinOp dir: "/home/sperotto/tp3485-fem-eigen-em/out/fem_efgmi_mode_report_base/base/efgm/helmvec1/rect/linop"
backend=efgmi
Mixed rect: nodes=231 tris=400 a=1 b=0.5 nx=10 ny=20

[E-formulation] TE cutoffs (edge block)
lambda_filter(kc^2) = 1e-10
 i  (m,n)   kc_ana      kc_fem      err(%)    |rho|
 1  (1,0)  3.14159  3.14333  0.0551999  1
 2  (0,1)  6.28319  6.23321  0.795414  0.999995
 3  (2,0)  6.28319  6.29664  0.214125  0.999968
 4  (1,1)  7.02481  6.99714  0.393908  0.999897
 5  (2,1)  8.88577  8.91126  0.286877  0.999779
 6  (3,0)  9.42478  9.46845  0.463399  0.999653
 7  (3,1)  11.3272  11.4274  0.885203  0.999747
 8  (0,2)  12.5664  12.1809  3.06768  0.999782
 9  (1,2)  12.9531  12.613  2.62599  0.999657
 10  (4,0)  12.5664  12.6611  0.753657  0.999727

[E-formulation] TM cutoffs (scalar block)
lambda_filter(kc^2) = 1e-10
 i  (m,n)   kc_ana      kc_fem      err(%)    |rho|
 1  (1,1)  7.02481  7.10613  1.15751  0.999663
 2  (2,1)  8.88577  9.14658  2.93517  0.999675
 3  (3,1)  11.3272  11.9341  5.35844  0.999693
 4  (1,2)  12.9531  13.4895  4.1408  0.998002
 5  (2,2)  14.0496  14.8856  5.95042  0.99801
 6  (4,1)  14.0496  15.2281  8.38805  0.999718
 7  (3,2)  15.708  17.0613  8.61592  0.998035
 8  (5,1)  16.918  18.9315  11.9017  0.999755
 9  (4,2)  17.7715  19.8813  11.8714  0.998099
 10  (1,3)  19.1096  20.7498  8.58336  0.993286

[H-formulation] TM cutoffs (edge block)
lambda_filter(kc^2) = 1e-10
 i  (m,n)   kc_ana      kc_fem      err(%)    |rho|
 1  (1,1)  7.02481  6.99709  0.394738  0.999965
 2  (2,1)  8.88577  8.91161  0.290882  0.999975
 3  (3,1)  11.3272  11.4283  0.892598  0.999944
 4  (1,2)  12.9531  12.6132  2.62407  0.999724
 5  (2,2)  14.0496  13.8361  1.51977  0.99936
 6  (4,1)  14.0496  14.2481  1.41269  0.999593
 7  (3,2)  15.708  15.6812  0.170286  0.998867
 8  (5,1)  16.918  17.2292  1.83949  0.997068
 9  (1,3)  19.1096  17.9406  6.11741  0.94538
 10  (4,2)  17.7715  17.9831  1.1907  0.941187

[H-formulation] TE cutoffs (scalar block)
lambda_filter(kc^2) = 1e-10
 i  (m,n)   kc_ana      kc_fem      err(%)    |rho|
 1  (1,0)  3.14159  3.15446  0.409466  0.999998
 2  (0,1)  6.28319  6.35406  1.12803  0.999997
 3  (2,0)  6.28319  6.38574  1.63228  0.999965
 4  (1,1)  7.02481  7.12332  1.40218  0.999998
 5  (2,1)  8.88577  9.09896  2.39933  0.999961
 6  (3,0)  9.42478  9.76829  3.64476  0.999811
 7  (3,1)  11.3272  11.8024  4.19512  0.999775
 8  (0,2)  12.5664  13.1796  4.87964  0.999323
 9  (4,0)  12.5664  13.3687  6.3849  0.999275
 10  (1,2)  12.9531  13.6182  5.13451  0.999322
[timing] label=mixed_rect assembly_ms=651.319 solve_ms=765.190 post_ms=13950.475 total_ms=16016.453
Saved: /home/sperotto/tp3485-fem-eigen-em/out/fem_efgmi_mode_report_base/base/efgm/helmvec1/rect/csv/mixed_rect_modes.csv
Saved: /home/sperotto/tp3485-fem-eigen-em/out/fem_efgmi_mode_report_base/base/efgm/helmvec1/rect/run_timing.csv
