Log file: /home/sperotto/tp3485-fem-eigen-em/out/fem_efgmi_mode_report_base/base/fem/helmvec1/circle/run.log
Output dir: "/home/sperotto/tp3485-fem-eigen-em/out/fem_efgmi_mode_report_base/base/fem/helmvec1/circle"
CSV dir: "/home/sperotto/tp3485-fem-eigen-em/out/fem_efgmi_mode_report_base/base/fem/helmvec1/circle/csv"
VTK dir: "/home/sperotto/tp3485-fem-eigen-em/out/fem_efgmi_mode_report_base/base/fem/helmvec1/circle/vtk"
LinOp dir: "/home/sperotto/tp3485-fem-eigen-em/out/fem_efgmi_mode_report_base/base/fem/helmvec1/circle/linop"
Mixed circle: nodes=121 tris=225 R=1 nr=8 nt=15 backend=closed-form

[E-formulation | circle]

TE (edge block)
lambda_filter(kc^2) = 1e-10
 i  (m,p)   kc_ana      kc_fem      err(%)    |rho|
 1  (1,1)  1.84118  1.87261  1.7067  0.967477
 2  (1,1)  1.84118  1.87261  1.7067  0.967477
 3  (2,1)  3.05424  3.14861  3.09  0.992281
 4  (2,1)  3.05424  3.14861  3.09  0.992281
 5  (0,1)  3.83171  3.77039  1.60028  0.999622
 6  (3,1)  4.20119  4.39313  4.56868  0.991269
 7  (3,1)  4.20119  4.39313  4.56868  0.991269
 8  (1,2)  5.33144  5.21746  2.13786  0.878864

TM (scalar block)
lambda_filter(kc^2) = 1e-10
 i  (m,p)   kc_ana      kc_fem      err(%)    |rho|
 1  (0,1)  2.40483  2.46018  2.30197  0.999998
 2  (1,1)  3.83171  4.00119  4.42314  0.926393
 3  (1,1)  3.83171  4.00119  4.42314  0.926393
 4  (2,1)  5.13562  5.55462  8.15864  0.744332
 5  (2,1)  5.13562  5.55462  8.15864  0.744332
 6  (0,2)  5.52008  5.718  3.58557  0.999788
 7  (3,1)  6.38016  7.24874  13.6137  0.960999
 8  (3,1)  6.38016  7.24874  13.6137  0.960999

[H-formulation | circle]

TM (edge block)
lambda_filter(kc^2) = 1e-10
 i  (m,p)   kc_ana      kc_fem      err(%)    |rho|
 1  (0,1)  2.40483  2.43355  1.19442  0.999893
 2  (1,1)  3.83171  3.87454  1.11781  0.986197
 3  (1,1)  3.83171  3.87454  1.11781  0.986197
 4  (2,1)  5.13562  5.21257  1.49839  0.917508
 5  (2,1)  5.13562  5.21257  1.49839  0.917508
 6  (0,2)  5.52008  5.43842  1.47936  0.997706
 7  (3,1)  6.38016  6.51966  2.18637  0.827095
 8  (3,1)  6.38016  6.51966  2.18637  0.827095

TE (scalar block)
lambda_filter(kc^2) = 1e-10
 i  (m,p)   kc_ana      kc_fem      err(%)    |rho|
 1  (1,1)  1.84118  1.87756  1.97594  0.77391
 2  (1,1)  1.84118  1.87756  1.97594  0.77391
 3  (2,1)  3.05424  3.1533  3.24341  0.717057
 4  (2,1)  3.05424  3.1533  3.24341  0.717057
 5  (0,1)  3.83171  3.94119  2.85725  0.999937
 6  (3,1)  4.20119  4.46277  6.22643  0.971997
 7  (3,1)  4.20119  4.46277  6.22643  0.971997
 8  (1,2)  5.33144  5.60921  5.20993  0.872474
[timing] label=mixed_circle assembly_ms=19.944 solve_ms=312.520 post_ms=7003.987 total_ms=7617.839
Saved: /home/sperotto/tp3485-fem-eigen-em/out/fem_efgmi_mode_report_base/base/fem/helmvec1/circle/csv/mixed_circle_modes.csv
Saved: /home/sperotto/tp3485-fem-eigen-em/out/fem_efgmi_mode_report_base/base/fem/helmvec1/circle/run_timing.csv
