Log file: /home/sperotto/tp3485-fem-eigen-em/out/fem_efgmi_mode_report_base/base/fem/helm10/circle/run.log
Output dir: "/home/sperotto/tp3485-fem-eigen-em/out/fem_efgmi_mode_report_base/base/fem/helm10/circle"
VTK dir: "/home/sperotto/tp3485-fem-eigen-em/out/fem_efgmi_mode_report_base/base/fem/helm10/circle/vtk"
CSV dir: "/home/sperotto/tp3485-fem-eigen-em/out/fem_efgmi_mode_report_base/base/fem/helm10/circle/csv"
LinOp dir: "/home/sperotto/tp3485-fem-eigen-em/out/fem_efgmi_mode_report_base/base/fem/helm10/circle/linop"
Backend escalar: closed-form
Circle mesh: nodes=121 tris=225 R=1 nr=8 nt=15

[TE scalar (Neumann) - circle]
 1  kc=1.877564
 2  kc=1.877564
 3  kc=3.153298
 4  kc=3.153298
 5  kc=3.941188
 6  kc=4.462773
 7  kc=4.462773
 8  kc=5.609207
 9  kc=5.609207
10  kc=5.885214

Tabela 2 (TE): FEM vs Analitico (Jm' roots)
i  (m,p)   kc_ana      kc_fem      kcR_fem     err(%)    |rho|
1  (1,1)   1.841184   1.877564    1.877564    1.976  0.8989
2  (1,1)   1.841184   1.877564    1.877564    1.976  0.8989
3  (2,1)   3.054237   3.153298    3.153298    3.243  0.7236
4  (2,1)   3.054237   3.153298    3.153298    3.243  0.7236
5  (0,1)   3.831706   3.941188    3.941188    2.857  0.9999
6  (3,1)   4.201189   4.462773    4.462773    6.226  0.9427
7  (3,1)   4.201189   4.462773    4.462773    6.226  0.9427
8  (1,2)   5.331443   5.609207    5.609207    5.210  0.8780

[TM scalar (Dirichlet) - circle]
 1  kc=2.460184
 2  kc=4.001188
 3  kc=4.001188
 4  kc=5.554619
 5  kc=5.554619
 6  kc=5.718004
 7  kc=7.248739
 8  kc=7.248739
 9  kc=7.472794
10  kc=7.472794
Saved: "/home/sperotto/tp3485-fem-eigen-em/out/fem_efgmi_mode_report_base/base/fem/helm10/circle/linop/helm10_circle_te_S_crs.csv"
Saved: "/home/sperotto/tp3485-fem-eigen-em/out/fem_efgmi_mode_report_base/base/fem/helm10/circle/linop/helm10_circle_te_T_crs.csv"
Saved: "/home/sperotto/tp3485-fem-eigen-em/out/fem_efgmi_mode_report_base/base/fem/helm10/circle/linop/helm10_circle_te_eigenvalues.csv"
Saved: "/home/sperotto/tp3485-fem-eigen-em/out/fem_efgmi_mode_report_base/base/fem/helm10/circle/linop/helm10_circle_te_eigenvectors.csv"
Saved: "/home/sperotto/tp3485-fem-eigen-em/out/fem_efgmi_mode_report_base/base/fem/helm10/circle/linop/helm10_circle_tm_S_crs.csv"
Saved: "/home/sperotto/tp3485-fem-eigen-em/out/fem_efgmi_mode_report_base/base/fem/helm10/circle/linop/helm10_circle_tm_T_crs.csv"
Saved: "/home/sperotto/tp3485-fem-eigen-em/out/fem_efgmi_mode_report_base/base/fem/helm10/circle/linop/helm10_circle_tm_eigenvalues.csv"
Saved: "/home/sperotto/tp3485-fem-eigen-em/out/fem_efgmi_mode_report_base/base/fem/helm10/circle/linop/helm10_circle_tm_eigenvectors.csv"
Reconstrucao de campos: freq=356554069.642619 Hz, eps_r=1.000000, mu_r=1.000000, k=7.472821 rad/m, politica=automatica_tm_referencia_ztm1
Referencia automatica TM: kc_ref=7.472794, Ztm_ref_real=1.000000
Aviso didatico: os campos TM exportados usam gradiente+sinal como saida principal, sem multiplicacao por Ztm; beta e Ztm ficam apenas no modes.csv.

Tabela 2 (TM): FEM vs Analitico (Jm roots)
i  (m,p)   kc_ana      kc_fem      kcR_fem     err(%)    |rho|
1  (0,1)   2.404826   2.460184    2.460184    2.302  1.0000
2  (1,1)   3.831706   4.001188    4.001188    4.423  0.9066
3  (1,1)   3.831706   4.001188    4.001188    4.423  0.9066
4  (2,1)   5.135622   5.554619    5.554619    8.159  0.7938
5  (2,1)   5.135622   5.554619    5.554619    8.159  0.7938
6  (0,2)   5.520078   5.718004    5.718004    3.586  0.9998
7  (3,1)   6.380162   7.248739    7.248739   13.614  0.9517
8  (3,1)   6.380162   7.248739    7.248739   13.614  0.9517
Saved: te_circle_m1_p1_rank01_sv.vtk (psi + Et)
Saved: te_circle_sv.vtk (psi + Et)
Saved: te_circle_m1_p1_rank02_sv.vtk (psi + Et)
Saved: te_circle_m2_p1_rank03_sv.vtk (psi + Et)
Saved: te_circle_m2_p1_rank04_sv.vtk (psi + Et)
Saved: te_circle_m0_p1_rank05_sv.vtk (psi + Et)
Saved: te_circle_m3_p1_rank06_sv.vtk (psi + Et)
Saved: te_circle_m3_p1_rank07_sv.vtk (psi + Et)
Saved: te_circle_m1_p2_rank08_sv.vtk (psi + Et)
Saved: te_circle_m1_p2_rank09_sv.vtk (psi + Et)
Saved: te_circle_m4_p1_rank10_sv.vtk (psi + Et)
Saved: tm_circle_m0_p1_rank01_sv.vtk (psi + Et)
Saved: tm_circle_sv.vtk (psi + Et)
Saved: tm_circle_m1_p1_rank02_sv.vtk (psi + Et)
Saved: tm_circle_m1_p1_rank03_sv.vtk (psi + Et)
Saved: tm_circle_m2_p1_rank04_sv.vtk (psi + Et)
Saved: tm_circle_m2_p1_rank05_sv.vtk (psi + Et)
Saved: tm_circle_m0_p2_rank06_sv.vtk (psi + Et)
Saved: tm_circle_m3_p1_rank07_sv.vtk (psi + Et)
Saved: tm_circle_m3_p1_rank08_sv.vtk (psi + Et)
Saved: tm_circle_m1_p2_rank09_sv.vtk (psi + Et)
Saved: tm_circle_m1_p2_rank10_sv.vtk (psi + Et)
Saved: /home/sperotto/tp3485-fem-eigen-em/out/fem_efgmi_mode_report_base/base/fem/helm10/circle/csv/helm10_circle_modes.csv
Saved: /home/sperotto/tp3485-fem-eigen-em/out/fem_efgmi_mode_report_base/base/fem/helm10/circle/run_timing.csv
[timing] label=helm10_circle assembly_ms=0.410 solve_ms=65.972 post_ms=715.271 total_ms=1232.991
